// Jest Snapshot v1, https://goo.gl/fbAQLP

exports[`Carousel Tests render carousel 1`] = `ShallowWrapper {}`;
