// Jest Snapshot v1, https://goo.gl/fbAQLP

exports[`Modal Tests render modal 1`] = `ShallowWrapper {}`;
